{"id":101,"name":"testObject","href":"http://url.com/test.txt"}