{"id":100,"name":"testObject","href":"http://url.com/test.txt"}